// Jest Snapshot v1, https://goo.gl/fbAQLP

exports[`should render table 1`] = `
<div
  class="w-100 px-3 pb-4 mb-4 position-relative bg-container-light"
>
  <div
    class="w-100 pb-2 overflow-auto"
  >
    <table
      class="table-onidata"
      data-testid="table-onidata-id"
    >
      <thead />
    </table>
  </div>
</div>
`;
